stu_id  stu_name        
2018011343      a       
2018011344      b       
2018011345      c    
