b       COUNT(*)
y       1
z       2
x       3
a       b       COUNT(*)
2       x       1
3       y       1
1       x       2
3       z       2
