a       b       
1       4.0000  
2       5.0000  
3       3.0000  
4       1.0000  
5       2.0000  
a       b       
4       1.0000  
5       2.0000  
3       3.0000  
1       4.0000  
2       5.0000  
