a       b       
1       0.0000  
1       0.0000  
0       1.0000  
2       3.0000  
a       b       
1       0.0000  
0       1.0000  
2       3.0000 
a       
0       
1       
2       
3   
a       
0       
1       
2       
2       
3     
