a       ABS(a)  EXP(a)  LN(a)   LOG10(a)        CEIL(a) FLOOR(a) 
-1.0000 1.0000  0.3679  NULL    NULL    -1      -1      
-0.5000 0.5000  0.6065  NULL    NULL    0       -1      
0.0000  0.0000  1.0000  NULL    NULL    0       0       
0.5000  0.5000  1.6487  -0.6931 -0.3010 1       0       
1.0000  1.0000  2.7183  0.0000  0.0000  1       1       
1.5000  1.5000  4.4817  0.4055  0.1761  2       1       
2.0000  2.0000  7.3891  0.6931  0.3010  2       2      
a       SIN(a)  COS(a)  TAN(a)  ASIN(a) ACOS(a) ATAN(a) 
-1.0000 -0.8415 0.5403  -1.5574 -1.5708 3.1416  -0.7854 
-0.5000 -0.4794 0.8776  -0.5463 -0.5236 2.0944  -0.4636 
0.0000  0.0000  1.0000  0.0000  0.0000  1.5708  0.0000  
0.5000  0.4794  0.8776  0.5463  0.5236  1.0472  0.4636  
1.0000  0.8415  0.5403  1.5574  1.5708  0.0000  0.7854  
1.5000  0.9975  0.0707  14.1014 NULL    NULL    0.9828  
2.0000  0.9093  -0.4161 -2.1850 NULL    NULL    1.1071  
a       b       (a-((b/(a+SIN((3.1416/2))))*COS(3.1416)))       
-1.0000 -1      NULL    
0.0000  0       0.0000  
1.0000  1       1.5000  
2.0000  2       2.6667  
