a       b       
1919-05-04      20:15:36        
1949-10-01      20:15:08        
1979-09-21      20:16:36        
2019-03-13      15:47:59    
a       b       
2019-03-13      15:47:59        
1949-10-01      20:15:08        
1919-05-04      20:15:36        
1979-09-21      20:16:36      
a       ADDDATE(a,20)   b       ADDTIME(b,30)   
1919-05-04      1919-05-24      20:15:36        20:16:06        
1949-10-01      1949-10-21      20:15:08        20:15:38        
1979-09-21      1979-10-11      20:16:36        20:17:06        
2019-03-13      2019-04-02      15:47:59        15:48:29       
