a       b       (a+b)   (a-b)   (a*b)   (a/b)   (a%b)   
3       0       3       3       0       NULL    NULL    
3       2       5       1       6       1.5000  1       
0       3       3       -3      0       0.0000  0       
