t.a     r.a     
0       1       
0       2       
0       3       
0       4       
1       1       
1       2       
1       3       
1       4       
2       1       
2       2       
2       3       
2       4       
3       1       
3       2       
3       3       
3       4      
t.a     r.a     
1       1       
2       2       
3       3   
t.a     r.a     
0       NULL    
1       1       
2       2       
3       3     
t.a     r.a     
1       1       
2       2       
3       3       
NULL    4  
t.a     r.a     s.a     
2       2       2       
3       3       3    
t.a     r.a     s.a     
1       1       NULL    
2       2       2       
3       3       3    
