a       
hell no 
hello world     
hello+-*()[]{}^.?$|\/   
a       
goodbye world   
hello world 
a       
hello+-*()[]{}^.?$|\/   
