a       b       c       
1       1.0000  a       
NULL    3.0000  NULL   
a       b       c       
1       1.0000  a       
4       2.0000  c  
